(Psi(x))->(Phi),Betta|-(Alpha)->((?x(Psi(x)))->(Phi))
(Psi(x))->(Phi)
((Psi(x))->(Phi))->((Alpha)->((Psi(x))->(Phi)))
(Alpha)->((Psi(x))->(Phi))
(Alpha)->((Alpha)->(Alpha))
((Alpha)->((Alpha)->(Alpha)))->((Psi(x))->((Alpha)->((Alpha)->(Alpha))))
(Psi(x))->((Alpha)->((Alpha)->(Alpha)))
(Alpha)->(((Alpha)->(Alpha))->(Alpha))
((Alpha)->(((Alpha)->(Alpha))->(Alpha)))->((Psi(x))->((Alpha)->(((Alpha)->(Alpha))->(Alpha))))
(Psi(x))->((Alpha)->(((Alpha)->(Alpha))->(Alpha)))
((Alpha)->((Alpha)->(Alpha)))->(((Alpha)->(((Alpha)->(Alpha))->(Alpha)))->((Alpha)->(Alpha)))
(((Alpha)->((Alpha)->(Alpha)))->(((Alpha)->(((Alpha)->(Alpha))->(Alpha)))->((Alpha)->(Alpha))))->((Psi(x))->(((Alpha)->((Alpha)->(Alpha)))->(((Alpha)->(((Alpha)->(Alpha))->(Alpha)))->((Alpha)->(Alpha)))))
(Psi(x))->(((Alpha)->((Alpha)->(Alpha)))->(((Alpha)->(((Alpha)->(Alpha))->(Alpha)))->((Alpha)->(Alpha))))
((Psi(x))->((Alpha)->((Alpha)->(Alpha))))->(((Psi(x))->(((Alpha)->((Alpha)->(Alpha)))->(((Alpha)->(((Alpha)->(Alpha))->(Alpha)))->((Alpha)->(Alpha)))))->((Psi(x))->(((Alpha)->(((Alpha)->(Alpha))->(Alpha)))->((Alpha)->(Alpha)))))
((Psi(x))->(((Alpha)->((Alpha)->(Alpha)))->(((Alpha)->(((Alpha)->(Alpha))->(Alpha)))->((Alpha)->(Alpha)))))->((Psi(x))->(((Alpha)->(((Alpha)->(Alpha))->(Alpha)))->((Alpha)->(Alpha))))
(Psi(x))->(((Alpha)->(((Alpha)->(Alpha))->(Alpha)))->((Alpha)->(Alpha)))
((Psi(x))->((Alpha)->(((Alpha)->(Alpha))->(Alpha))))->(((Psi(x))->(((Alpha)->(((Alpha)->(Alpha))->(Alpha)))->((Alpha)->(Alpha))))->((Psi(x))->((Alpha)->(Alpha))))
((Psi(x))->(((Alpha)->(((Alpha)->(Alpha))->(Alpha)))->((Alpha)->(Alpha))))->((Psi(x))->((Alpha)->(Alpha)))
(Psi(x))->((Alpha)->(Alpha))
(Psi(x))->((Psi(x))->(Psi(x)))
(Psi(x))->(((Psi(x))->(Psi(x)))->(Psi(x)))
((Psi(x))->((Psi(x))->(Psi(x))))->(((Psi(x))->(((Psi(x))->(Psi(x)))->(Psi(x))))->((Psi(x))->(Psi(x))))
((Psi(x))->(((Psi(x))->(Psi(x)))->(Psi(x))))->((Psi(x))->(Psi(x)))
(Psi(x))->(Psi(x))
(Psi(x))->((Alpha)->(Psi(x)))
((Psi(x))->((Alpha)->(Psi(x))))->((Psi(x))->((Psi(x))->((Alpha)->(Psi(x)))))
(Psi(x))->((Psi(x))->((Alpha)->(Psi(x))))
((Psi(x))->(Psi(x)))->(((Psi(x))->((Psi(x))->((Alpha)->(Psi(x)))))->((Psi(x))->((Alpha)->(Psi(x)))))
((Psi(x))->((Psi(x))->((Alpha)->(Psi(x)))))->((Psi(x))->((Alpha)->(Psi(x))))
(Psi(x))->((Alpha)->(Psi(x)))
(Alpha)->((Psi(x))->(Phi))
((Alpha)->((Psi(x))->(Phi)))->((Psi(x))->((Alpha)->((Psi(x))->(Phi))))
(Psi(x))->((Alpha)->((Psi(x))->(Phi)))
((Alpha)->((Psi(x))->(Phi)))->((Alpha)->((Alpha)->((Psi(x))->(Phi))))
(((Alpha)->((Psi(x))->(Phi)))->((Alpha)->((Alpha)->((Psi(x))->(Phi)))))->((Psi(x))->(((Alpha)->((Psi(x))->(Phi)))->((Alpha)->((Alpha)->((Psi(x))->(Phi))))))
(Psi(x))->(((Alpha)->((Psi(x))->(Phi)))->((Alpha)->((Alpha)->((Psi(x))->(Phi)))))
((Psi(x))->((Alpha)->((Psi(x))->(Phi))))->(((Psi(x))->(((Alpha)->((Psi(x))->(Phi)))->((Alpha)->((Alpha)->((Psi(x))->(Phi))))))->((Psi(x))->((Alpha)->((Alpha)->((Psi(x))->(Phi))))))
((Psi(x))->(((Alpha)->((Psi(x))->(Phi)))->((Alpha)->((Alpha)->((Psi(x))->(Phi))))))->((Psi(x))->((Alpha)->((Alpha)->((Psi(x))->(Phi)))))
(Psi(x))->((Alpha)->((Alpha)->((Psi(x))->(Phi))))
((Alpha)->(Alpha))->(((Alpha)->((Alpha)->((Psi(x))->(Phi))))->((Alpha)->((Psi(x))->(Phi))))
(((Alpha)->(Alpha))->(((Alpha)->((Alpha)->((Psi(x))->(Phi))))->((Alpha)->((Psi(x))->(Phi)))))->((Psi(x))->(((Alpha)->(Alpha))->(((Alpha)->((Alpha)->((Psi(x))->(Phi))))->((Alpha)->((Psi(x))->(Phi))))))
(Psi(x))->(((Alpha)->(Alpha))->(((Alpha)->((Alpha)->((Psi(x))->(Phi))))->((Alpha)->((Psi(x))->(Phi)))))
((Psi(x))->((Alpha)->(Alpha)))->(((Psi(x))->(((Alpha)->(Alpha))->(((Alpha)->((Alpha)->((Psi(x))->(Phi))))->((Alpha)->((Psi(x))->(Phi))))))->((Psi(x))->(((Alpha)->((Alpha)->((Psi(x))->(Phi))))->((Alpha)->((Psi(x))->(Phi))))))
((Psi(x))->(((Alpha)->(Alpha))->(((Alpha)->((Alpha)->((Psi(x))->(Phi))))->((Alpha)->((Psi(x))->(Phi))))))->((Psi(x))->(((Alpha)->((Alpha)->((Psi(x))->(Phi))))->((Alpha)->((Psi(x))->(Phi)))))
(Psi(x))->(((Alpha)->((Alpha)->((Psi(x))->(Phi))))->((Alpha)->((Psi(x))->(Phi))))
(Alpha)->((Psi(x))->(Phi))
((Alpha)->((Psi(x))->(Phi)))->((Psi(x))->((Alpha)->((Psi(x))->(Phi))))
(Psi(x))->((Alpha)->((Psi(x))->(Phi)))
((Alpha)->(Psi(x)))->(((Alpha)->((Psi(x))->(Phi)))->((Alpha)->(Phi)))
(((Alpha)->(Psi(x)))->(((Alpha)->((Psi(x))->(Phi)))->((Alpha)->(Phi))))->((Psi(x))->(((Alpha)->(Psi(x)))->(((Alpha)->((Psi(x))->(Phi)))->((Alpha)->(Phi)))))
(Psi(x))->(((Alpha)->(Psi(x)))->(((Alpha)->((Psi(x))->(Phi)))->((Alpha)->(Phi))))
((Psi(x))->((Alpha)->(Psi(x))))->(((Psi(x))->(((Alpha)->(Psi(x)))->(((Alpha)->((Psi(x))->(Phi)))->((Alpha)->(Phi)))))->((Psi(x))->(((Alpha)->((Psi(x))->(Phi)))->((Alpha)->(Phi)))))
((Psi(x))->(((Alpha)->(Psi(x)))->(((Alpha)->((Psi(x))->(Phi)))->((Alpha)->(Phi)))))->((Psi(x))->(((Alpha)->((Psi(x))->(Phi)))->((Alpha)->(Phi))))
(Psi(x))->(((Alpha)->((Psi(x))->(Phi)))->((Alpha)->(Phi)))
((Psi(x))->((Alpha)->((Psi(x))->(Phi))))->(((Psi(x))->(((Alpha)->((Psi(x))->(Phi)))->((Alpha)->(Phi))))->((Psi(x))->((Alpha)->(Phi))))
((Psi(x))->(((Alpha)->((Psi(x))->(Phi)))->((Alpha)->(Phi))))->((Psi(x))->((Alpha)->(Phi)))
(Psi(x))->((Alpha)->(Phi))
(?x(Psi(x)))->((Alpha)->(Phi))
(Alpha)->((Alpha)->(Alpha))
(Alpha)->(((Alpha)->(Alpha))->(Alpha))
((Alpha)->((Alpha)->(Alpha)))->(((Alpha)->(((Alpha)->(Alpha))->(Alpha)))->((Alpha)->(Alpha)))
((Alpha)->(((Alpha)->(Alpha))->(Alpha)))->((Alpha)->(Alpha))
(Alpha)->(Alpha)
(Alpha)->((?x(Psi(x)))->(Alpha))
((Alpha)->((?x(Psi(x)))->(Alpha)))->((Alpha)->((Alpha)->((?x(Psi(x)))->(Alpha))))
(Alpha)->((Alpha)->((?x(Psi(x)))->(Alpha)))
((Alpha)->(Alpha))->(((Alpha)->((Alpha)->((?x(Psi(x)))->(Alpha))))->((Alpha)->((?x(Psi(x)))->(Alpha))))
((Alpha)->((Alpha)->((?x(Psi(x)))->(Alpha))))->((Alpha)->((?x(Psi(x)))->(Alpha)))
(Alpha)->((?x(Psi(x)))->(Alpha))
(?x(Psi(x)))->((?x(Psi(x)))->(?x(Psi(x))))
((?x(Psi(x)))->((?x(Psi(x)))->(?x(Psi(x)))))->((Alpha)->((?x(Psi(x)))->((?x(Psi(x)))->(?x(Psi(x))))))
(Alpha)->((?x(Psi(x)))->((?x(Psi(x)))->(?x(Psi(x)))))
(?x(Psi(x)))->(((?x(Psi(x)))->(?x(Psi(x))))->(?x(Psi(x))))
((?x(Psi(x)))->(((?x(Psi(x)))->(?x(Psi(x))))->(?x(Psi(x)))))->((Alpha)->((?x(Psi(x)))->(((?x(Psi(x)))->(?x(Psi(x))))->(?x(Psi(x))))))
(Alpha)->((?x(Psi(x)))->(((?x(Psi(x)))->(?x(Psi(x))))->(?x(Psi(x)))))
((?x(Psi(x)))->((?x(Psi(x)))->(?x(Psi(x)))))->(((?x(Psi(x)))->(((?x(Psi(x)))->(?x(Psi(x))))->(?x(Psi(x)))))->((?x(Psi(x)))->(?x(Psi(x)))))
(((?x(Psi(x)))->((?x(Psi(x)))->(?x(Psi(x)))))->(((?x(Psi(x)))->(((?x(Psi(x)))->(?x(Psi(x))))->(?x(Psi(x)))))->((?x(Psi(x)))->(?x(Psi(x))))))->((Alpha)->(((?x(Psi(x)))->((?x(Psi(x)))->(?x(Psi(x)))))->(((?x(Psi(x)))->(((?x(Psi(x)))->(?x(Psi(x))))->(?x(Psi(x)))))->((?x(Psi(x)))->(?x(Psi(x)))))))
(Alpha)->(((?x(Psi(x)))->((?x(Psi(x)))->(?x(Psi(x)))))->(((?x(Psi(x)))->(((?x(Psi(x)))->(?x(Psi(x))))->(?x(Psi(x)))))->((?x(Psi(x)))->(?x(Psi(x))))))
((Alpha)->((?x(Psi(x)))->((?x(Psi(x)))->(?x(Psi(x))))))->(((Alpha)->(((?x(Psi(x)))->((?x(Psi(x)))->(?x(Psi(x)))))->(((?x(Psi(x)))->(((?x(Psi(x)))->(?x(Psi(x))))->(?x(Psi(x)))))->((?x(Psi(x)))->(?x(Psi(x)))))))->((Alpha)->(((?x(Psi(x)))->(((?x(Psi(x)))->(?x(Psi(x))))->(?x(Psi(x)))))->((?x(Psi(x)))->(?x(Psi(x)))))))
((Alpha)->(((?x(Psi(x)))->((?x(Psi(x)))->(?x(Psi(x)))))->(((?x(Psi(x)))->(((?x(Psi(x)))->(?x(Psi(x))))->(?x(Psi(x)))))->((?x(Psi(x)))->(?x(Psi(x)))))))->((Alpha)->(((?x(Psi(x)))->(((?x(Psi(x)))->(?x(Psi(x))))->(?x(Psi(x)))))->((?x(Psi(x)))->(?x(Psi(x))))))
(Alpha)->(((?x(Psi(x)))->(((?x(Psi(x)))->(?x(Psi(x))))->(?x(Psi(x)))))->((?x(Psi(x)))->(?x(Psi(x)))))
((Alpha)->((?x(Psi(x)))->(((?x(Psi(x)))->(?x(Psi(x))))->(?x(Psi(x))))))->(((Alpha)->(((?x(Psi(x)))->(((?x(Psi(x)))->(?x(Psi(x))))->(?x(Psi(x)))))->((?x(Psi(x)))->(?x(Psi(x))))))->((Alpha)->((?x(Psi(x)))->(?x(Psi(x))))))
((Alpha)->(((?x(Psi(x)))->(((?x(Psi(x)))->(?x(Psi(x))))->(?x(Psi(x)))))->((?x(Psi(x)))->(?x(Psi(x))))))->((Alpha)->((?x(Psi(x)))->(?x(Psi(x)))))
(Alpha)->((?x(Psi(x)))->(?x(Psi(x))))
(?x(Psi(x)))->((Alpha)->(Phi))
((?x(Psi(x)))->((Alpha)->(Phi)))->((Alpha)->((?x(Psi(x)))->((Alpha)->(Phi))))
(Alpha)->((?x(Psi(x)))->((Alpha)->(Phi)))
((?x(Psi(x)))->((Alpha)->(Phi)))->((?x(Psi(x)))->((?x(Psi(x)))->((Alpha)->(Phi))))
(((?x(Psi(x)))->((Alpha)->(Phi)))->((?x(Psi(x)))->((?x(Psi(x)))->((Alpha)->(Phi)))))->((Alpha)->(((?x(Psi(x)))->((Alpha)->(Phi)))->((?x(Psi(x)))->((?x(Psi(x)))->((Alpha)->(Phi))))))
(Alpha)->(((?x(Psi(x)))->((Alpha)->(Phi)))->((?x(Psi(x)))->((?x(Psi(x)))->((Alpha)->(Phi)))))
((Alpha)->((?x(Psi(x)))->((Alpha)->(Phi))))->(((Alpha)->(((?x(Psi(x)))->((Alpha)->(Phi)))->((?x(Psi(x)))->((?x(Psi(x)))->((Alpha)->(Phi))))))->((Alpha)->((?x(Psi(x)))->((?x(Psi(x)))->((Alpha)->(Phi))))))
((Alpha)->(((?x(Psi(x)))->((Alpha)->(Phi)))->((?x(Psi(x)))->((?x(Psi(x)))->((Alpha)->(Phi))))))->((Alpha)->((?x(Psi(x)))->((?x(Psi(x)))->((Alpha)->(Phi)))))
(Alpha)->((?x(Psi(x)))->((?x(Psi(x)))->((Alpha)->(Phi))))
((?x(Psi(x)))->(?x(Psi(x))))->(((?x(Psi(x)))->((?x(Psi(x)))->((Alpha)->(Phi))))->((?x(Psi(x)))->((Alpha)->(Phi))))
(((?x(Psi(x)))->(?x(Psi(x))))->(((?x(Psi(x)))->((?x(Psi(x)))->((Alpha)->(Phi))))->((?x(Psi(x)))->((Alpha)->(Phi)))))->((Alpha)->(((?x(Psi(x)))->(?x(Psi(x))))->(((?x(Psi(x)))->((?x(Psi(x)))->((Alpha)->(Phi))))->((?x(Psi(x)))->((Alpha)->(Phi))))))
(Alpha)->(((?x(Psi(x)))->(?x(Psi(x))))->(((?x(Psi(x)))->((?x(Psi(x)))->((Alpha)->(Phi))))->((?x(Psi(x)))->((Alpha)->(Phi)))))
((Alpha)->((?x(Psi(x)))->(?x(Psi(x)))))->(((Alpha)->(((?x(Psi(x)))->(?x(Psi(x))))->(((?x(Psi(x)))->((?x(Psi(x)))->((Alpha)->(Phi))))->((?x(Psi(x)))->((Alpha)->(Phi))))))->((Alpha)->(((?x(Psi(x)))->((?x(Psi(x)))->((Alpha)->(Phi))))->((?x(Psi(x)))->((Alpha)->(Phi))))))
((Alpha)->(((?x(Psi(x)))->(?x(Psi(x))))->(((?x(Psi(x)))->((?x(Psi(x)))->((Alpha)->(Phi))))->((?x(Psi(x)))->((Alpha)->(Phi))))))->((Alpha)->(((?x(Psi(x)))->((?x(Psi(x)))->((Alpha)->(Phi))))->((?x(Psi(x)))->((Alpha)->(Phi)))))
(Alpha)->(((?x(Psi(x)))->((?x(Psi(x)))->((Alpha)->(Phi))))->((?x(Psi(x)))->((Alpha)->(Phi))))
(?x(Psi(x)))->((Alpha)->(Phi))
((?x(Psi(x)))->((Alpha)->(Phi)))->((Alpha)->((?x(Psi(x)))->((Alpha)->(Phi))))
(Alpha)->((?x(Psi(x)))->((Alpha)->(Phi)))
((?x(Psi(x)))->(Alpha))->(((?x(Psi(x)))->((Alpha)->(Phi)))->((?x(Psi(x)))->(Phi)))
(((?x(Psi(x)))->(Alpha))->(((?x(Psi(x)))->((Alpha)->(Phi)))->((?x(Psi(x)))->(Phi))))->((Alpha)->(((?x(Psi(x)))->(Alpha))->(((?x(Psi(x)))->((Alpha)->(Phi)))->((?x(Psi(x)))->(Phi)))))
(Alpha)->(((?x(Psi(x)))->(Alpha))->(((?x(Psi(x)))->((Alpha)->(Phi)))->((?x(Psi(x)))->(Phi))))
((Alpha)->((?x(Psi(x)))->(Alpha)))->(((Alpha)->(((?x(Psi(x)))->(Alpha))->(((?x(Psi(x)))->((Alpha)->(Phi)))->((?x(Psi(x)))->(Phi)))))->((Alpha)->(((?x(Psi(x)))->((Alpha)->(Phi)))->((?x(Psi(x)))->(Phi)))))
((Alpha)->(((?x(Psi(x)))->(Alpha))->(((?x(Psi(x)))->((Alpha)->(Phi)))->((?x(Psi(x)))->(Phi)))))->((Alpha)->(((?x(Psi(x)))->((Alpha)->(Phi)))->((?x(Psi(x)))->(Phi))))
(Alpha)->(((?x(Psi(x)))->((Alpha)->(Phi)))->((?x(Psi(x)))->(Phi)))
((Alpha)->((?x(Psi(x)))->((Alpha)->(Phi))))->(((Alpha)->(((?x(Psi(x)))->((Alpha)->(Phi)))->((?x(Psi(x)))->(Phi))))->((Alpha)->((?x(Psi(x)))->(Phi))))
((Alpha)->(((?x(Psi(x)))->((Alpha)->(Phi)))->((?x(Psi(x)))->(Phi))))->((Alpha)->((?x(Psi(x)))->(Phi)))
(Alpha)->((?x(Psi(x)))->(Phi))
