(Phi)->(Psi(x)),Betta|-(Alpha)->((Phi)->(@x(Psi(x))))
(Phi)->(Psi(x))
((Phi)->(Psi(x)))->((Alpha)->((Phi)->(Psi(x))))
(Alpha)->((Phi)->(Psi(x)))
((Alpha)&(Phi))->(((Alpha)&(Phi))->((Alpha)&(Phi)))
((Alpha)&(Phi))->((((Alpha)&(Phi))->((Alpha)&(Phi)))->((Alpha)&(Phi)))
(((Alpha)&(Phi))->(((Alpha)&(Phi))->((Alpha)&(Phi))))->((((Alpha)&(Phi))->((((Alpha)&(Phi))->((Alpha)&(Phi)))->((Alpha)&(Phi))))->(((Alpha)&(Phi))->((Alpha)&(Phi))))
(((Alpha)&(Phi))->((((Alpha)&(Phi))->((Alpha)&(Phi)))->((Alpha)&(Phi))))->(((Alpha)&(Phi))->((Alpha)&(Phi)))
((Alpha)&(Phi))->((Alpha)&(Phi))
((Alpha)&(Phi))->(Alpha)
(((Alpha)&(Phi))->(Alpha))->(((Alpha)&(Phi))->(((Alpha)&(Phi))->(Alpha)))
((Alpha)&(Phi))->(((Alpha)&(Phi))->(Alpha))
((Alpha)&(Phi))->(Phi)
(((Alpha)&(Phi))->(Phi))->(((Alpha)&(Phi))->(((Alpha)&(Phi))->(Phi)))
((Alpha)&(Phi))->(((Alpha)&(Phi))->(Phi))
(((Alpha)&(Phi))->((Alpha)&(Phi)))->((((Alpha)&(Phi))->(((Alpha)&(Phi))->(Alpha)))->(((Alpha)&(Phi))->(Alpha)))
(((Alpha)&(Phi))->(((Alpha)&(Phi))->(Alpha)))->(((Alpha)&(Phi))->(Alpha))
((Alpha)&(Phi))->(Alpha)
(((Alpha)&(Phi))->((Alpha)&(Phi)))->((((Alpha)&(Phi))->(((Alpha)&(Phi))->(Phi)))->(((Alpha)&(Phi))->(Phi)))
(((Alpha)&(Phi))->(((Alpha)&(Phi))->(Phi)))->(((Alpha)&(Phi))->(Phi))
((Alpha)&(Phi))->(Phi)
(Alpha)->((Phi)->(Psi(x)))
((Alpha)->((Phi)->(Psi(x))))->(((Alpha)&(Phi))->((Alpha)->((Phi)->(Psi(x)))))
((Alpha)&(Phi))->((Alpha)->((Phi)->(Psi(x))))
(((Alpha)&(Phi))->(Alpha))->((((Alpha)&(Phi))->((Alpha)->((Phi)->(Psi(x)))))->(((Alpha)&(Phi))->((Phi)->(Psi(x)))))
(((Alpha)&(Phi))->((Alpha)->((Phi)->(Psi(x)))))->(((Alpha)&(Phi))->((Phi)->(Psi(x))))
((Alpha)&(Phi))->((Phi)->(Psi(x)))
(((Alpha)&(Phi))->(Phi))->((((Alpha)&(Phi))->((Phi)->(Psi(x))))->(((Alpha)&(Phi))->(Psi(x))))
(((Alpha)&(Phi))->((Phi)->(Psi(x))))->(((Alpha)&(Phi))->(Psi(x)))
((Alpha)&(Phi))->(Psi(x))
((Alpha)&(Phi))->(@x(Psi(x)))
(Alpha)->((Alpha)->(Alpha))
(Alpha)->(((Alpha)->(Alpha))->(Alpha))
((Alpha)->((Alpha)->(Alpha)))->(((Alpha)->(((Alpha)->(Alpha))->(Alpha)))->((Alpha)->(Alpha)))
((Alpha)->(((Alpha)->(Alpha))->(Alpha)))->((Alpha)->(Alpha))
(Alpha)->(Alpha)
(Alpha)->((Phi)->(Alpha))
((Alpha)->((Phi)->(Alpha)))->((Alpha)->((Alpha)->((Phi)->(Alpha))))
(Alpha)->((Alpha)->((Phi)->(Alpha)))
((Alpha)->(Alpha))->(((Alpha)->((Alpha)->((Phi)->(Alpha))))->((Alpha)->((Phi)->(Alpha))))
((Alpha)->((Alpha)->((Phi)->(Alpha))))->((Alpha)->((Phi)->(Alpha)))
(Alpha)->((Phi)->(Alpha))
(Phi)->((Phi)->(Phi))
((Phi)->((Phi)->(Phi)))->((Alpha)->((Phi)->((Phi)->(Phi))))
(Alpha)->((Phi)->((Phi)->(Phi)))
(Phi)->(((Phi)->(Phi))->(Phi))
((Phi)->(((Phi)->(Phi))->(Phi)))->((Alpha)->((Phi)->(((Phi)->(Phi))->(Phi))))
(Alpha)->((Phi)->(((Phi)->(Phi))->(Phi)))
((Phi)->((Phi)->(Phi)))->(((Phi)->(((Phi)->(Phi))->(Phi)))->((Phi)->(Phi)))
(((Phi)->((Phi)->(Phi)))->(((Phi)->(((Phi)->(Phi))->(Phi)))->((Phi)->(Phi))))->((Alpha)->(((Phi)->((Phi)->(Phi)))->(((Phi)->(((Phi)->(Phi))->(Phi)))->((Phi)->(Phi)))))
(Alpha)->(((Phi)->((Phi)->(Phi)))->(((Phi)->(((Phi)->(Phi))->(Phi)))->((Phi)->(Phi))))
((Alpha)->((Phi)->((Phi)->(Phi))))->(((Alpha)->(((Phi)->((Phi)->(Phi)))->(((Phi)->(((Phi)->(Phi))->(Phi)))->((Phi)->(Phi)))))->((Alpha)->(((Phi)->(((Phi)->(Phi))->(Phi)))->((Phi)->(Phi)))))
((Alpha)->(((Phi)->((Phi)->(Phi)))->(((Phi)->(((Phi)->(Phi))->(Phi)))->((Phi)->(Phi)))))->((Alpha)->(((Phi)->(((Phi)->(Phi))->(Phi)))->((Phi)->(Phi))))
(Alpha)->(((Phi)->(((Phi)->(Phi))->(Phi)))->((Phi)->(Phi)))
((Alpha)->((Phi)->(((Phi)->(Phi))->(Phi))))->(((Alpha)->(((Phi)->(((Phi)->(Phi))->(Phi)))->((Phi)->(Phi))))->((Alpha)->((Phi)->(Phi))))
((Alpha)->(((Phi)->(((Phi)->(Phi))->(Phi)))->((Phi)->(Phi))))->((Alpha)->((Phi)->(Phi)))
(Alpha)->((Phi)->(Phi))
(Alpha)->((Phi)->((Alpha)&(Phi)))
((Alpha)->((Phi)->((Alpha)&(Phi))))->((Alpha)->((Alpha)->((Phi)->((Alpha)&(Phi)))))
(Alpha)->((Alpha)->((Phi)->((Alpha)&(Phi))))
((Alpha)->((Phi)->((Alpha)&(Phi))))->((Phi)->((Alpha)->((Phi)->((Alpha)&(Phi)))))
(((Alpha)->((Phi)->((Alpha)&(Phi))))->((Phi)->((Alpha)->((Phi)->((Alpha)&(Phi))))))->((Alpha)->(((Alpha)->((Phi)->((Alpha)&(Phi))))->((Phi)->((Alpha)->((Phi)->((Alpha)&(Phi)))))))
(Alpha)->(((Alpha)->((Phi)->((Alpha)&(Phi))))->((Phi)->((Alpha)->((Phi)->((Alpha)&(Phi))))))
((Alpha)->((Alpha)->((Phi)->((Alpha)&(Phi)))))->(((Alpha)->(((Alpha)->((Phi)->((Alpha)&(Phi))))->((Phi)->((Alpha)->((Phi)->((Alpha)&(Phi)))))))->((Alpha)->((Phi)->((Alpha)->((Phi)->((Alpha)&(Phi)))))))
((Alpha)->(((Alpha)->((Phi)->((Alpha)&(Phi))))->((Phi)->((Alpha)->((Phi)->((Alpha)&(Phi)))))))->((Alpha)->((Phi)->((Alpha)->((Phi)->((Alpha)&(Phi))))))
(Alpha)->((Phi)->((Alpha)->((Phi)->((Alpha)&(Phi)))))
((Phi)->(Alpha))->(((Phi)->((Alpha)->((Phi)->((Alpha)&(Phi)))))->((Phi)->((Phi)->((Alpha)&(Phi)))))
(((Phi)->(Alpha))->(((Phi)->((Alpha)->((Phi)->((Alpha)&(Phi)))))->((Phi)->((Phi)->((Alpha)&(Phi))))))->((Alpha)->(((Phi)->(Alpha))->(((Phi)->((Alpha)->((Phi)->((Alpha)&(Phi)))))->((Phi)->((Phi)->((Alpha)&(Phi)))))))
(Alpha)->(((Phi)->(Alpha))->(((Phi)->((Alpha)->((Phi)->((Alpha)&(Phi)))))->((Phi)->((Phi)->((Alpha)&(Phi))))))
((Alpha)->((Phi)->(Alpha)))->(((Alpha)->(((Phi)->(Alpha))->(((Phi)->((Alpha)->((Phi)->((Alpha)&(Phi)))))->((Phi)->((Phi)->((Alpha)&(Phi)))))))->((Alpha)->(((Phi)->((Alpha)->((Phi)->((Alpha)&(Phi)))))->((Phi)->((Phi)->((Alpha)&(Phi)))))))
((Alpha)->(((Phi)->(Alpha))->(((Phi)->((Alpha)->((Phi)->((Alpha)&(Phi)))))->((Phi)->((Phi)->((Alpha)&(Phi)))))))->((Alpha)->(((Phi)->((Alpha)->((Phi)->((Alpha)&(Phi)))))->((Phi)->((Phi)->((Alpha)&(Phi))))))
(Alpha)->(((Phi)->((Alpha)->((Phi)->((Alpha)&(Phi)))))->((Phi)->((Phi)->((Alpha)&(Phi)))))
((Alpha)->((Phi)->((Alpha)->((Phi)->((Alpha)&(Phi))))))->(((Alpha)->(((Phi)->((Alpha)->((Phi)->((Alpha)&(Phi)))))->((Phi)->((Phi)->((Alpha)&(Phi))))))->((Alpha)->((Phi)->((Phi)->((Alpha)&(Phi))))))
((Alpha)->(((Phi)->((Alpha)->((Phi)->((Alpha)&(Phi)))))->((Phi)->((Phi)->((Alpha)&(Phi))))))->((Alpha)->((Phi)->((Phi)->((Alpha)&(Phi)))))
(Alpha)->((Phi)->((Phi)->((Alpha)&(Phi))))
((Phi)->(Phi))->(((Phi)->((Phi)->((Alpha)&(Phi))))->((Phi)->((Alpha)&(Phi))))
(((Phi)->(Phi))->(((Phi)->((Phi)->((Alpha)&(Phi))))->((Phi)->((Alpha)&(Phi)))))->((Alpha)->(((Phi)->(Phi))->(((Phi)->((Phi)->((Alpha)&(Phi))))->((Phi)->((Alpha)&(Phi))))))
(Alpha)->(((Phi)->(Phi))->(((Phi)->((Phi)->((Alpha)&(Phi))))->((Phi)->((Alpha)&(Phi)))))
((Alpha)->((Phi)->(Phi)))->(((Alpha)->(((Phi)->(Phi))->(((Phi)->((Phi)->((Alpha)&(Phi))))->((Phi)->((Alpha)&(Phi))))))->((Alpha)->(((Phi)->((Phi)->((Alpha)&(Phi))))->((Phi)->((Alpha)&(Phi))))))
((Alpha)->(((Phi)->(Phi))->(((Phi)->((Phi)->((Alpha)&(Phi))))->((Phi)->((Alpha)&(Phi))))))->((Alpha)->(((Phi)->((Phi)->((Alpha)&(Phi))))->((Phi)->((Alpha)&(Phi)))))
(Alpha)->(((Phi)->((Phi)->((Alpha)&(Phi))))->((Phi)->((Alpha)&(Phi))))
((Alpha)->(Alpha))->(((Alpha)->((Alpha)->((Phi)->((Alpha)&(Phi)))))->((Alpha)->((Phi)->((Alpha)&(Phi)))))
((Alpha)->((Alpha)->((Phi)->((Alpha)&(Phi)))))->((Alpha)->((Phi)->((Alpha)&(Phi))))
(Alpha)->((Phi)->((Alpha)&(Phi)))
((Alpha)&(Phi))->(@x(Psi(x)))
(((Alpha)&(Phi))->(@x(Psi(x))))->((Alpha)->(((Alpha)&(Phi))->(@x(Psi(x)))))
(Alpha)->(((Alpha)&(Phi))->(@x(Psi(x))))
(((Alpha)&(Phi))->(@x(Psi(x))))->((Phi)->(((Alpha)&(Phi))->(@x(Psi(x)))))
((((Alpha)&(Phi))->(@x(Psi(x))))->((Phi)->(((Alpha)&(Phi))->(@x(Psi(x))))))->((Alpha)->((((Alpha)&(Phi))->(@x(Psi(x))))->((Phi)->(((Alpha)&(Phi))->(@x(Psi(x)))))))
(Alpha)->((((Alpha)&(Phi))->(@x(Psi(x))))->((Phi)->(((Alpha)&(Phi))->(@x(Psi(x))))))
((Alpha)->(((Alpha)&(Phi))->(@x(Psi(x)))))->(((Alpha)->((((Alpha)&(Phi))->(@x(Psi(x))))->((Phi)->(((Alpha)&(Phi))->(@x(Psi(x)))))))->((Alpha)->((Phi)->(((Alpha)&(Phi))->(@x(Psi(x)))))))
((Alpha)->((((Alpha)&(Phi))->(@x(Psi(x))))->((Phi)->(((Alpha)&(Phi))->(@x(Psi(x)))))))->((Alpha)->((Phi)->(((Alpha)&(Phi))->(@x(Psi(x))))))
(Alpha)->((Phi)->(((Alpha)&(Phi))->(@x(Psi(x)))))
((Phi)->((Alpha)&(Phi)))->(((Phi)->(((Alpha)&(Phi))->(@x(Psi(x)))))->((Phi)->(@x(Psi(x)))))
(((Phi)->((Alpha)&(Phi)))->(((Phi)->(((Alpha)&(Phi))->(@x(Psi(x)))))->((Phi)->(@x(Psi(x))))))->((Alpha)->(((Phi)->((Alpha)&(Phi)))->(((Phi)->(((Alpha)&(Phi))->(@x(Psi(x)))))->((Phi)->(@x(Psi(x)))))))
(Alpha)->(((Phi)->((Alpha)&(Phi)))->(((Phi)->(((Alpha)&(Phi))->(@x(Psi(x)))))->((Phi)->(@x(Psi(x))))))
((Alpha)->((Phi)->((Alpha)&(Phi))))->(((Alpha)->(((Phi)->((Alpha)&(Phi)))->(((Phi)->(((Alpha)&(Phi))->(@x(Psi(x)))))->((Phi)->(@x(Psi(x)))))))->((Alpha)->(((Phi)->(((Alpha)&(Phi))->(@x(Psi(x)))))->((Phi)->(@x(Psi(x)))))))
((Alpha)->(((Phi)->((Alpha)&(Phi)))->(((Phi)->(((Alpha)&(Phi))->(@x(Psi(x)))))->((Phi)->(@x(Psi(x)))))))->((Alpha)->(((Phi)->(((Alpha)&(Phi))->(@x(Psi(x)))))->((Phi)->(@x(Psi(x))))))
(Alpha)->(((Phi)->(((Alpha)&(Phi))->(@x(Psi(x)))))->((Phi)->(@x(Psi(x)))))
((Alpha)->((Phi)->(((Alpha)&(Phi))->(@x(Psi(x))))))->(((Alpha)->(((Phi)->(((Alpha)&(Phi))->(@x(Psi(x)))))->((Phi)->(@x(Psi(x))))))->((Alpha)->((Phi)->(@x(Psi(x))))))
((Alpha)->(((Phi)->(((Alpha)&(Phi))->(@x(Psi(x)))))->((Phi)->(@x(Psi(x))))))->((Alpha)->((Phi)->(@x(Psi(x)))))
(Alpha)->((Phi)->(@x(Psi(x))))
